// Jest Snapshot v1, https://goo.gl/fbAQLP

exports[`PhoneItem (a child of PhonesList) render correctly 1`] = `
Object {
  "asFragment": [Function],
  "baseElement": <body>
    <div>
      <div
        class="sc-fzoLsD hpPURA"
        data-testid="phone-item"
      >
        <div
          class="sc-fzpans gnBuKW"
        >
          <img
            alt="iPhone 7"
            class="sc-Axmtr cFtcXX object-cover"
            src="undefinedIPhone_7.png"
          />
          <section
            class="sc-fzplWN DAXdT"
          >
            <h1>
              iPhone 7
            </h1>
            <h2>
              Apple
            </h2>
            <div
              class="sc-AxhCb JKePI"
            >
              <span
                class="sc-AxhUy eyJlmj"
                color="black"
              />
              <span
                class="sc-AxhUy deRsvS"
                color="blue"
              />
            </div>
            <footer>
              769 €
            </footer>
          </section>
        </div>
      </div>
    </div>
  </body>,
  "container": <div>
    <div
      class="sc-fzoLsD hpPURA"
      data-testid="phone-item"
    >
      <div
        class="sc-fzpans gnBuKW"
      >
        <img
          alt="iPhone 7"
          class="sc-Axmtr cFtcXX object-cover"
          src="undefinedIPhone_7.png"
        />
        <section
          class="sc-fzplWN DAXdT"
        >
          <h1>
            iPhone 7
          </h1>
          <h2>
            Apple
          </h2>
          <div
            class="sc-AxhCb JKePI"
          >
            <span
              class="sc-AxhUy eyJlmj"
              color="black"
            />
            <span
              class="sc-AxhUy deRsvS"
              color="blue"
            />
          </div>
          <footer>
            769 €
          </footer>
        </section>
      </div>
    </div>
  </div>,
  "debug": [Function],
  "findAllByAltText": [Function],
  "findAllByDisplayValue": [Function],
  "findAllByLabelText": [Function],
  "findAllByPlaceholderText": [Function],
  "findAllByRole": [Function],
  "findAllByTestId": [Function],
  "findAllByText": [Function],
  "findAllByTitle": [Function],
  "findByAltText": [Function],
  "findByDisplayValue": [Function],
  "findByLabelText": [Function],
  "findByPlaceholderText": [Function],
  "findByRole": [Function],
  "findByTestId": [Function],
  "findByText": [Function],
  "findByTitle": [Function],
  "getAllByAltText": [Function],
  "getAllByDisplayValue": [Function],
  "getAllByLabelText": [Function],
  "getAllByPlaceholderText": [Function],
  "getAllByRole": [Function],
  "getAllByTestId": [Function],
  "getAllByText": [Function],
  "getAllByTitle": [Function],
  "getByAltText": [Function],
  "getByDisplayValue": [Function],
  "getByLabelText": [Function],
  "getByPlaceholderText": [Function],
  "getByRole": [Function],
  "getByTestId": [Function],
  "getByText": [Function],
  "getByTitle": [Function],
  "queryAllByAltText": [Function],
  "queryAllByDisplayValue": [Function],
  "queryAllByLabelText": [Function],
  "queryAllByPlaceholderText": [Function],
  "queryAllByRole": [Function],
  "queryAllByTestId": [Function],
  "queryAllByText": [Function],
  "queryAllByTitle": [Function],
  "queryByAltText": [Function],
  "queryByDisplayValue": [Function],
  "queryByLabelText": [Function],
  "queryByPlaceholderText": [Function],
  "queryByRole": [Function],
  "queryByTestId": [Function],
  "queryByText": [Function],
  "queryByTitle": [Function],
  "rerender": [Function],
  "unmount": [Function],
}
`;
